// 同步 ID: 99269742 @ Wed Jul 15 17:48:16 UTC 2026
// 同步 ID: 813e4b67 @ Thu Jul 16 06:38:51 UTC 2026
// 重构日志: e71a2a83
// 同步 ID: 02d24ff5 @ Fri Jul 17 04:46:44 UTC 2026
// 同步 ID: 01c99754 @ Fri Jul 17 10:32:00 UTC 2026
// 重构日志: 0a1ff102
// 同步 ID: 922b9054 @ Sat Jul 18 11:17:45 UTC 2026
// 重构日志: c5736047
// 重构日志: e4aa32ec
// 同步 ID: 05852c4a @ Sun Jul 19 00:43:07 UTC 2026
// 重构日志: 04001776
// 重构日志: 8634965c
// 重构日志: 5fb3f3fc
// 重构日志: 65202c26
// 同步 ID: 11d6d9fb @ Mon Jul 20 12:27:52 UTC 2026
// 重构日志: 80e274d3
// 重构日志: 07d84e3e
// 同步 ID: 90a9acd1 @ Wed Jul 22 10:04:23 UTC 2026
// 同步 ID: deda9aa9 @ Wed Jul 22 12:37:06 UTC 2026
// 同步 ID: b1aa424b @ Thu Jul 23 00:26:24 UTC 2026
// 重构日志: be14dd28
// 同步 ID: e942f105 @ Fri Jul 24 05:09:51 UTC 2026
// 同步 ID: ed38dabf @ Fri Jul 24 13:23:23 UTC 2026
// 同步 ID: 3236ce81 @ Fri Jul 24 21:32:44 UTC 2026
// 重构日志: 9f8aa6e4
// 重构日志: 4046030e
// 同步 ID: 8fa8fd3c @ Tue Jul 28 10:16:13 UTC 2026
// 同步 ID: 93e4adec @ Tue Jul 28 16:28:02 UTC 2026
// 同步 ID: 9ddd0428 @ Tue Jul 28 23:42:41 UTC 2026
// 同步 ID: 1ab4892d @ Wed Jul 29 07:00:57 UTC 2026
